; NOTE: Assertions have been autogenerated by utils/update_llc_test_checks.py
; Check that we accept functions with '$' in the name.

; RUN: llc -mtriple=loongarch64-unknown-linux < %s | FileCheck %s

define hidden i32 @"_Z54bar$ompvariant$bar"() {
; CHECK-LABEL: _Z54bar$ompvariant$bar:
; CHECK:       # %bb.0: # %entry
; CHECK-NEXT:    ori $r4, $zero, 2
; CHECK-NEXT:    jr $ra
entry:
  ret i32 2
}
